
> server@1.0.0 test
> cross-env NODE_OPTIONS=--experimental-vm-modules jest

node.exe : 
(node:4188) 
ExperimentalWarning: 
VM Modules is an 
experimental feature 
and might change at 
any time
At 
E:\nodejs\npm.ps1:29 
char:3
+   & $NODE_EXE 
$NPM_CLI_JS $args
+   ~~~~~~~~~~~~~~~~~
~~~~~~~~~~~~
    + CategoryInfo   
           : NotSpe  
  cified: ((node:4   
 188) Exp...nge a    
t any time:Strin    
g) [], RemoteExc    
eption
    + FullyQualified 
   ErrorId : Native  
  CommandError
 
(Use `node 
--trace-warnings 
...` to show where 
the warning was 
created)
FAIL src/__tests__/un
it/middleware.test.js
  Validation 
Middleware
    ΓêÜ should call 
next() for valid 
data (5 ms)
    ├ù should return 
400 for invalid data 
(1 ms)

  ΓùÅ Validation 
Middleware ΓÇ║ 
should return 400 
for invalid data

    TypeError: 
Cannot read 
properties of 
undefined (reading 
'map')

    [0m [90m 11 
|[39m         
[36mreturn[39m res
[33m.[39mstatus([35
m400[39m)[33m.[39m
json({
     [90m 12 |[39m 
          
error[33m:[39m 
[32m"Validation Erro
r"[39m[33m,[39m
    [31m[1m>[22m[
39m[90m 13 |[39m   
        
details[33m:[39m er
ror[33m.[39merrors
[33m.[39mmap((e) 
[33m=>[39m ({
     [90m    |[39m 
                     
           
[31m[1m^[22m[39m
     [90m 14 |[39m 
            
field[33m:[39m e[3
3m.[39mpath[33m.[3
9mjoin([32m"."[39m)
[33m,[39m
     [90m 15 |[39m 
            
message[33m:[39m e
[33m.[39mmessage[33
m,[39m
     [90m 16 |[39m 
          
}))[33m,[39m[0m

      at src/middlewa
res/validate.middlewa
re.js:13:33
      at 
Object.<anonymous> (s
rc/__tests__/unit/mid
dleware.test.js:36:5)

  console.warn
    Some functions passed to serve() are undefined and misconfigured.  Please check your imports.

    [0m [90m  8 |[39m [36mimport[39m { inngest } [36mfrom[39m [32m"../lib/inngest.js"[39m[33m;[39m
     [90m  9 |[39m
    [31m[1m>[22m[39m[90m 10 |[39m [36mexport[39m [36mconst[39m inngestHandler [33m=[39m serve({
     [90m    |[39m                               [31m[1m^[22m[39m
     [90m 11 |[39m   client[33m:[39m inngest[33m,[39m
     [90m 12 |[39m   functions[33m:[39m [
     [90m 13 |[39m     generateIndustryInsights[33m,[39m[0m

      at new InngestCommHandler (node_modules/src/components/InngestCommHandler.ts:393:15)
      at serve (node_modules/src/express.ts:66:19)
      at src/inngest/inngest.controller.js:10:31

(node:14044) 
ExperimentalWarning: 
VM Modules is an 
experimental feature 
and might change at 
any time
(Use `node 
--trace-warnings 
...` to show where 
the warning was 
created)
PASS src/__tests__/e2
e/user.test.js
  User E2E Tests
    GET /api/user/me
      ΓêÜ should 
return user profile 
(5 ms)
    POST 
/api/user/check
      ΓêÜ should 
create a new user if 
not exists (61 ms)
      ΓêÜ should 
return existing user 
(5 ms)

Test Suites: 1 
failed, 1 passed, 2 
total
Tests:       1 
failed, 4 passed, 5 
total
Snapshots:   0 total
Time:        1.211 
s, estimated 2 s
Ran all test suites.
Force exiting Jest: 
Have you considered 
using `--detectOpenHa
ndles` to detect 
async operations 
that kept running 
after all tests 
finished?
